# serializer version: 1
# name: test_catalog_golden
  dict({
    'catalog_version': 1,
    'nodes': list([
      dict({
        'category': 'Transform',
        'description': 'Fill missing values in selected columns using a chosen strategy.',
        'family': 'clean',
        'label': 'Impute Missing',
        'paradigm': 'functional',
        'params': list([
          dict({
            'default': 'mean',
            'help': "How to compute each column's fill value.",
            'hints': dict({
              'choices': list([
                'mean',
                'median',
                'most_frequent',
              ]),
              'max': None,
              'max_length': None,
              'min': None,
              'min_length': None,
              'pattern': None,
              'step': None,
              'widget': 'select',
            }),
            'label': 'Strategy',
            'name': 'strategy',
            'required': False,
            'type_token': 'str',
          }),
          dict({
            'default': None,
            'help': 'Columns to impute; empty/unset imputes every column.',
            'hints': dict({
              'choices': None,
              'max': None,
              'max_length': None,
              'min': None,
              'min_length': None,
              'pattern': None,
              'step': None,
              'widget': 'text',
            }),
            'label': 'Columns',
            'name': 'columns',
            'required': False,
            'type_token': 'list[str]',
          }),
        ]),
        'ports': list([
          dict({
            'cardinality': 'one',
            'data_type': 'DataFrame',
            'direction': 'in',
            'help': 'The input DataFrame whose missing cells should be filled.',
            'label': None,
            'name': 'frame',
            'required': True,
          }),
          dict({
            'cardinality': 'one',
            'data_type': 'DataFrame',
            'direction': 'out',
            'help': 'The DataFrame with missing cells imputed.',
            'label': None,
            'name': 'frame',
            'required': True,
          }),
        ]),
        'type': 'clean.impute_missing',
        'version': 2,
      }),
      dict({
        'category': 'Ingest',
        'description': 'Load a CSV file into a pandas DataFrame.',
        'family': 'data',
        'label': 'Load CSV',
        'paradigm': 'functional',
        'params': list([
          dict({
            'default': None,
            'help': 'Filesystem path to the .csv file to load.',
            'hints': dict({
              'choices': None,
              'max': None,
              'max_length': None,
              'min': None,
              'min_length': None,
              'pattern': None,
              'step': None,
              'widget': 'file',
            }),
            'label': 'CSV path',
            'name': 'path',
            'required': True,
            'type_token': 'str',
          }),
          dict({
            'default': 'utf-8',
            'help': 'Text encoding used to read the file.',
            'hints': dict({
              'choices': None,
              'max': None,
              'max_length': None,
              'min': None,
              'min_length': None,
              'pattern': None,
              'step': None,
              'widget': 'text',
            }),
            'label': 'Encoding',
            'name': 'encoding',
            'required': False,
            'type_token': 'str',
          }),
        ]),
        'ports': list([
          dict({
            'cardinality': 'one',
            'data_type': 'DataFrame',
            'direction': 'out',
            'help': 'The loaded data as a pandas DataFrame.',
            'label': None,
            'name': 'frame',
            'required': True,
          }),
        ]),
        'type': 'data.load_csv',
        'version': 2,
      }),
      dict({
        'category': 'Ingest',
        'description': 'Load a JSON file into a pandas DataFrame.',
        'family': 'data',
        'label': 'Load JSON',
        'paradigm': 'functional',
        'params': list([
          dict({
            'default': None,
            'help': 'Filesystem path to the .json file to load.',
            'hints': dict({
              'choices': None,
              'max': None,
              'max_length': None,
              'min': None,
              'min_length': None,
              'pattern': None,
              'step': None,
              'widget': 'file',
            }),
            'label': 'JSON path',
            'name': 'path',
            'required': True,
            'type_token': 'str',
          }),
          dict({
            'default': None,
            'help': "pandas read_json orient (e.g. 'records'); unset uses pandas' default.",
            'hints': None,
            'label': 'Orient',
            'name': 'orient',
            'required': False,
            'type_token': 'str',
          }),
        ]),
        'ports': list([
          dict({
            'cardinality': 'one',
            'data_type': 'DataFrame',
            'direction': 'out',
            'help': 'The loaded data as a pandas DataFrame.',
            'label': None,
            'name': 'frame',
            'required': True,
          }),
        ]),
        'type': 'data.load_json',
        'version': 1,
      }),
      dict({
        'category': 'Ingest',
        'description': 'Load a Parquet file into a pandas DataFrame.',
        'family': 'data',
        'label': 'Load Parquet',
        'paradigm': 'functional',
        'params': list([
          dict({
            'default': None,
            'help': 'Filesystem path to the .parquet file to load.',
            'hints': dict({
              'choices': None,
              'max': None,
              'max_length': None,
              'min': None,
              'min_length': None,
              'pattern': None,
              'step': None,
              'widget': 'file',
            }),
            'label': 'Parquet path',
            'name': 'path',
            'required': True,
            'type_token': 'str',
          }),
          dict({
            'default': None,
            'help': 'Optional subset of columns to read; leave unset to read all columns.',
            'hints': None,
            'label': 'Columns',
            'name': 'columns',
            'required': False,
            'type_token': 'list[str]',
          }),
        ]),
        'ports': list([
          dict({
            'cardinality': 'one',
            'data_type': 'DataFrame',
            'direction': 'out',
            'help': 'The loaded data as a pandas DataFrame.',
            'label': None,
            'name': 'frame',
            'required': True,
          }),
        ]),
        'type': 'data.load_parquet',
        'version': 1,
      }),
      dict({
        'category': 'Ingest',
        'description': 'Load a small bundled sample dataset (zero filesystem setup).',
        'family': 'data',
        'label': 'Load Sample',
        'paradigm': 'functional',
        'params': list([
          dict({
            'default': 'iris',
            'help': 'Which bundled sample dataset to load.',
            'hints': dict({
              'choices': list([
                'iris',
                'wine',
                'diabetes',
              ]),
              'max': None,
              'max_length': None,
              'min': None,
              'min_length': None,
              'pattern': None,
              'step': None,
              'widget': 'select',
            }),
            'label': 'Dataset',
            'name': 'name',
            'required': False,
            'type_token': 'str',
          }),
        ]),
        'ports': list([
          dict({
            'cardinality': 'one',
            'data_type': 'DataFrame',
            'direction': 'out',
            'help': 'The loaded data as a pandas DataFrame.',
            'label': None,
            'name': 'frame',
            'required': True,
          }),
        ]),
        'type': 'data.load_sample',
        'version': 1,
      }),
      dict({
        'category': 'Machine Learning',
        'description': 'Train a logistic-regression classifier and report evaluation metrics.',
        'family': 'ml',
        'label': 'Train Classifier',
        'paradigm': 'functional',
        'params': list([
          dict({
            'default': None,
            'help': 'Column to predict.',
            'hints': None,
            'label': 'Target column',
            'name': 'target',
            'required': True,
            'type_token': 'str',
          }),
          dict({
            'default': None,
            'help': 'Columns to use as features; empty/unset uses every other column.',
            'hints': None,
            'label': 'Feature columns',
            'name': 'features',
            'required': False,
            'type_token': 'list[str]',
          }),
          dict({
            'default': 0.25,
            'help': 'Fraction of rows held out for evaluation.',
            'hints': dict({
              'choices': None,
              'max': 1.0,
              'max_length': None,
              'min': 0.0,
              'min_length': None,
              'pattern': None,
              'step': None,
              'widget': 'number',
            }),
            'label': 'Test size',
            'name': 'test_size',
            'required': False,
            'type_token': 'float',
          }),
          dict({
            'default': 0,
            'help': 'Seed controlling the train/test split and model fit.',
            'hints': dict({
              'choices': None,
              'max': None,
              'max_length': None,
              'min': None,
              'min_length': None,
              'pattern': None,
              'step': None,
              'widget': 'number',
            }),
            'label': 'Random state',
            'name': 'random_state',
            'required': False,
            'type_token': 'int',
          }),
        ]),
        'ports': list([
          dict({
            'cardinality': 'one',
            'data_type': 'DataFrame',
            'direction': 'in',
            'help': 'The input DataFrame containing features and the target column.',
            'label': None,
            'name': 'frame',
            'required': True,
          }),
          dict({
            'cardinality': 'one',
            'data_type': 'ClassifierResult',
            'direction': 'out',
            'help': 'Inspectable training/evaluation metrics for the fitted classifier.',
            'label': None,
            'name': 'result',
            'required': True,
          }),
        ]),
        'type': 'ml.train_classifier',
        'version': 2,
      }),
      dict({
        'category': 'Neural Network',
        'description': 'A linear (fully-connected) layer.',
        'family': 'nn',
        'label': 'Linear',
        'paradigm': 'declarative',
        'params': list([
          dict({
            'default': None,
            'help': 'Size of each input sample.',
            'hints': None,
            'label': 'In features',
            'name': 'in_features',
            'required': True,
            'type_token': 'int',
          }),
          dict({
            'default': None,
            'help': 'Size of each output sample.',
            'hints': None,
            'label': 'Out features',
            'name': 'out_features',
            'required': True,
            'type_token': 'int',
          }),
        ]),
        'ports': list([
          dict({
            'cardinality': 'one',
            'data_type': 'Tensor',
            'direction': 'in',
            'help': 'The input tensor to the linear layer.',
            'label': None,
            'name': 'x',
            'required': True,
          }),
          dict({
            'cardinality': 'one',
            'data_type': 'Tensor',
            'direction': 'out',
            'help': "The linear layer's output tensor.",
            'label': None,
            'name': 'out',
            'required': True,
          }),
        ]),
        'type': 'nn.linear',
        'version': 1,
      }),
      dict({
        'category': 'Neural Network',
        'description': 'An nn.Module that owns a subgraph of layers.',
        'family': 'nn',
        'label': 'Module',
        'paradigm': 'declarative',
        'params': list([
        ]),
        'ports': list([
        ]),
        'type': 'nn.module',
        'version': 1,
      }),
      dict({
        'category': 'Neural Network',
        'description': 'A ReLU activation layer.',
        'family': 'nn',
        'label': 'ReLU',
        'paradigm': 'declarative',
        'params': list([
        ]),
        'ports': list([
          dict({
            'cardinality': 'one',
            'data_type': 'Tensor',
            'direction': 'in',
            'help': 'The input tensor to the activation.',
            'label': None,
            'name': 'x',
            'required': True,
          }),
          dict({
            'cardinality': 'one',
            'data_type': 'Tensor',
            'direction': 'out',
            'help': "The activation's output tensor.",
            'label': None,
            'name': 'out',
            'required': True,
          }),
        ]),
        'type': 'nn.relu',
        'version': 1,
      }),
      dict({
        'category': 'Reporting',
        'description': 'Generate an HTML profiling report summarising a DataFrame.',
        'family': 'reports',
        'label': 'HTML Summary',
        'paradigm': 'functional',
        'params': list([
          dict({
            'default': 'Colony Mind Data Summary',
            'help': 'Title shown at the top of the report.',
            'hints': dict({
              'choices': None,
              'max': None,
              'max_length': None,
              'min': None,
              'min_length': None,
              'pattern': None,
              'step': None,
              'widget': 'text',
            }),
            'label': 'Title',
            'name': 'title',
            'required': False,
            'type_token': 'str',
          }),
        ]),
        'ports': list([
          dict({
            'cardinality': 'one',
            'data_type': 'DataFrame',
            'direction': 'in',
            'help': 'The DataFrame to profile.',
            'label': None,
            'name': 'frame',
            'required': True,
          }),
          dict({
            'cardinality': 'one',
            'data_type': 'HTML',
            'direction': 'out',
            'help': 'The rendered HTML profiling report.',
            'label': None,
            'name': 'html',
            'required': True,
          }),
        ]),
        'type': 'reports.generate_html_summary',
        'version': 2,
      }),
      dict({
        'category': 'Statistics',
        'description': 'One-way ANOVA testing a numeric column across groups.',
        'family': 'stats',
        'label': 'ANOVA',
        'paradigm': 'functional',
        'params': list([
          dict({
            'default': None,
            'help': 'Column whose distinct values define the groups.',
            'hints': None,
            'label': 'Group column',
            'name': 'group_col',
            'required': True,
            'type_token': 'str',
          }),
          dict({
            'default': None,
            'help': 'Column whose values are compared across groups.',
            'hints': None,
            'label': 'Value column',
            'name': 'value_col',
            'required': True,
            'type_token': 'str',
          }),
          dict({
            'default': 0.05,
            'help': 'Significance level recorded alongside the result.',
            'hints': dict({
              'choices': None,
              'max': 1.0,
              'max_length': None,
              'min': 0.0,
              'min_length': None,
              'pattern': None,
              'step': None,
              'widget': 'number',
            }),
            'label': 'Alpha',
            'name': 'alpha',
            'required': False,
            'type_token': 'float',
          }),
        ]),
        'ports': list([
          dict({
            'cardinality': 'one',
            'data_type': 'DataFrame',
            'direction': 'in',
            'help': 'The input DataFrame containing the group and value columns.',
            'label': None,
            'name': 'frame',
            'required': True,
          }),
          dict({
            'cardinality': 'one',
            'data_type': 'AnovaResult',
            'direction': 'out',
            'help': 'The structured ANOVA result.',
            'label': None,
            'name': 'result',
            'required': True,
          }),
        ]),
        'type': 'stats.anova',
        'version': 2,
      }),
    ]),
  })
# ---
