# serializer version: 1
# name: test_estimator_catalog_golden
  list([
    dict({
      'archetype': 'fit',
      'category': 'Ensemble',
      'description': 'An ensemble that combines weak classifiers, reweighting misclassified samples each round.',
      'import_path': 'sklearn.ensemble.AdaBoostClassifier',
      'key': 'AdaBoostClassifier',
      'label': 'Ada Boost Classifier',
      'node_type': 'ml.fit_estimator',
      'params': list([
        dict({
          'choices': None,
          'default': 1.0,
          'help': "Shrinks each estimator's contribution.",
          'name': 'learning_rate',
          'type': 'float',
        }),
        dict({
          'choices': None,
          'default': 50,
          'help': 'Maximum number of estimators.',
          'name': 'n_estimators',
          'type': 'int',
        }),
        dict({
          'choices': None,
          'default': 0,
          'help': 'Seed for reproducibility.',
          'name': 'random_state',
          'type': 'int',
        }),
      ]),
      'task': 'classification',
    }),
    dict({
      'archetype': 'fit',
      'category': 'Ensemble',
      'description': 'An ensemble that combines weak regressors, reweighting poorly predicted samples each round.',
      'import_path': 'sklearn.ensemble.AdaBoostRegressor',
      'key': 'AdaBoostRegressor',
      'label': 'Ada Boost Regressor',
      'node_type': 'ml.fit_estimator',
      'params': list([
        dict({
          'choices': None,
          'default': 1.0,
          'help': "Shrinks each estimator's contribution.",
          'name': 'learning_rate',
          'type': 'float',
        }),
        dict({
          'choices': None,
          'default': 50,
          'help': 'Maximum number of estimators.',
          'name': 'n_estimators',
          'type': 'int',
        }),
        dict({
          'choices': None,
          'default': 0,
          'help': 'Seed for reproducibility.',
          'name': 'random_state',
          'type': 'int',
        }),
      ]),
      'task': 'regression',
    }),
    dict({
      'archetype': 'cluster_detect',
      'category': 'Cluster',
      'description': 'Builds nested clusters by successively merging or splitting groups.',
      'import_path': 'sklearn.cluster.AgglomerativeClustering',
      'key': 'AgglomerativeClustering',
      'label': 'Agglomerative Clustering',
      'node_type': 'ml.cluster_detect',
      'params': list([
        dict({
          'choices': None,
          'default': 'ward',
          'help': "Linkage criterion ('ward'/'complete'/'average'/'single').",
          'name': 'linkage',
          'type': 'str',
        }),
        dict({
          'choices': None,
          'default': 2,
          'help': 'Number of clusters to find.',
          'name': 'n_clusters',
          'type': 'int',
        }),
      ]),
      'task': None,
    }),
    dict({
      'archetype': 'fit',
      'category': 'Ensemble',
      'description': 'An ensemble that fits classifiers on random subsets of the data and aggregates their votes.',
      'import_path': 'sklearn.ensemble.BaggingClassifier',
      'key': 'BaggingClassifier',
      'label': 'Bagging Classifier',
      'node_type': 'ml.fit_estimator',
      'params': list([
        dict({
          'choices': None,
          'default': 10,
          'help': 'Number of base estimators in the ensemble.',
          'name': 'n_estimators',
          'type': 'int',
        }),
        dict({
          'choices': None,
          'default': 0,
          'help': 'Seed for reproducibility.',
          'name': 'random_state',
          'type': 'int',
        }),
      ]),
      'task': 'classification',
    }),
    dict({
      'archetype': 'fit',
      'category': 'Ensemble',
      'description': 'An ensemble that fits regressors on random subsets of the data and averages their predictions.',
      'import_path': 'sklearn.ensemble.BaggingRegressor',
      'key': 'BaggingRegressor',
      'label': 'Bagging Regressor',
      'node_type': 'ml.fit_estimator',
      'params': list([
        dict({
          'choices': None,
          'default': 10,
          'help': 'Number of base estimators in the ensemble.',
          'name': 'n_estimators',
          'type': 'int',
        }),
        dict({
          'choices': None,
          'default': 0,
          'help': 'Seed for reproducibility.',
          'name': 'random_state',
          'type': 'int',
        }),
      ]),
      'task': 'regression',
    }),
    dict({
      'archetype': 'cluster_detect',
      'category': 'Mixture',
      'description': 'A Gaussian mixture model fit with variational Bayesian inference, which can prune unneeded components.',
      'import_path': 'sklearn.mixture.BayesianGaussianMixture',
      'key': 'BayesianGaussianMixture',
      'label': 'Bayesian Gaussian Mixture',
      'node_type': 'ml.cluster_detect',
      'params': list([
        dict({
          'choices': None,
          'default': 1,
          'help': 'Maximum number of mixture components.',
          'name': 'n_components',
          'type': 'int',
        }),
        dict({
          'choices': None,
          'default': 0,
          'help': 'Seed for reproducibility.',
          'name': 'random_state',
          'type': 'int',
        }),
      ]),
      'task': None,
    }),
    dict({
      'archetype': 'fit_transform',
      'category': 'Preprocessing',
      'description': 'Thresholds feature values to 0/1 based on a configurable cutoff.',
      'import_path': 'sklearn.preprocessing.Binarizer',
      'key': 'Binarizer',
      'label': 'Binarizer',
      'node_type': 'ml.fit_transform',
      'params': list([
        dict({
          'choices': None,
          'default': 0.0,
          'help': 'Values above this are set to 1; at or below to 0.',
          'name': 'threshold',
          'type': 'float',
        }),
      ]),
      'task': None,
    }),
    dict({
      'archetype': 'cluster_detect',
      'category': 'Cluster',
      'description': 'Incrementally builds a tree of cluster summaries for memory-efficient clustering of large datasets.',
      'import_path': 'sklearn.cluster.Birch',
      'key': 'Birch',
      'label': 'Birch',
      'node_type': 'ml.cluster_detect',
      'params': list([
        dict({
          'choices': None,
          'default': 3,
          'help': 'Number of clusters after the final clustering step.',
          'name': 'n_clusters',
          'type': 'int',
        }),
        dict({
          'choices': None,
          'default': 0.5,
          'help': 'Radius threshold for a new subcluster to be started.',
          'name': 'threshold',
          'type': 'float',
        }),
      ]),
      'task': None,
    }),
    dict({
      'archetype': 'cluster_detect',
      'category': 'Cluster',
      'description': 'Density-based clustering that groups closely packed points and flags outliers as noise.',
      'import_path': 'sklearn.cluster.DBSCAN',
      'key': 'DBSCAN',
      'label': 'DBSCAN',
      'node_type': 'ml.cluster_detect',
      'params': list([
        dict({
          'choices': None,
          'default': 0.5,
          'help': 'Maximum distance between two samples for one to be considered a neighbor of the other.',
          'name': 'eps',
          'type': 'float',
        }),
        dict({
          'choices': None,
          'default': 5,
          'help': 'Number of samples in a neighborhood for a point to be considered a core point.',
          'name': 'min_samples',
          'type': 'int',
        }),
      ]),
      'task': None,
    }),
    dict({
      'archetype': 'fit',
      'category': 'Tree',
      'description': 'Classifies data by learning simple decision rules inferred from feature splits.',
      'import_path': 'sklearn.tree.DecisionTreeClassifier',
      'key': 'DecisionTreeClassifier',
      'label': 'Decision Tree Classifier',
      'node_type': 'ml.fit_estimator',
      'params': list([
        dict({
          'choices': None,
          'default': None,
          'help': 'Maximum tree depth (None = unlimited).',
          'name': 'max_depth',
          'type': 'any',
        }),
        dict({
          'choices': None,
          'default': 2,
          'help': 'Minimum samples to split a node.',
          'name': 'min_samples_split',
          'type': 'int',
        }),
        dict({
          'choices': None,
          'default': 0,
          'help': 'Seed for reproducibility.',
          'name': 'random_state',
          'type': 'int',
        }),
      ]),
      'task': 'classification',
    }),
    dict({
      'archetype': 'fit',
      'category': 'Tree',
      'description': 'Predicts continuous values by learning decision rules inferred from feature splits.',
      'import_path': 'sklearn.tree.DecisionTreeRegressor',
      'key': 'DecisionTreeRegressor',
      'label': 'Decision Tree Regressor',
      'node_type': 'ml.fit_estimator',
      'params': list([
        dict({
          'choices': None,
          'default': None,
          'help': 'Maximum tree depth (None = unlimited).',
          'name': 'max_depth',
          'type': 'any',
        }),
        dict({
          'choices': None,
          'default': 2,
          'help': 'Minimum samples to split a node.',
          'name': 'min_samples_split',
          'type': 'int',
        }),
        dict({
          'choices': None,
          'default': 0,
          'help': 'Seed for reproducibility.',
          'name': 'random_state',
          'type': 'int',
        }),
      ]),
      'task': 'regression',
    }),
    dict({
      'archetype': 'fit',
      'category': 'Linear Model',
      'description': 'Linear regression combining L1 and L2 regularization penalties.',
      'import_path': 'sklearn.linear_model.ElasticNet',
      'key': 'ElasticNet',
      'label': 'Elastic Net',
      'node_type': 'ml.fit_estimator',
      'params': list([
        dict({
          'choices': None,
          'default': 1.0,
          'help': 'Regularization strength.',
          'name': 'alpha',
          'type': 'float',
        }),
        dict({
          'choices': None,
          'default': 0.5,
          'help': 'Mixing ratio between L1 and L2 penalty.',
          'name': 'l1_ratio',
          'type': 'float',
        }),
        dict({
          'choices': None,
          'default': 1000,
          'help': 'Maximum solver iterations.',
          'name': 'max_iter',
          'type': 'int',
        }),
        dict({
          'choices': None,
          'default': 0,
          'help': 'Seed for reproducibility.',
          'name': 'random_state',
          'type': 'int',
        }),
      ]),
      'task': 'regression',
    }),
    dict({
      'archetype': 'cluster_detect',
      'category': 'Covariance',
      'description': 'Detects anomalies by fitting a robust covariance ellipse to normal data.',
      'import_path': 'sklearn.covariance.EllipticEnvelope',
      'key': 'EllipticEnvelope',
      'label': 'Elliptic Envelope',
      'node_type': 'ml.cluster_detect',
      'params': list([
        dict({
          'choices': None,
          'default': 0.1,
          'help': 'Expected proportion of outliers in the data.',
          'name': 'contamination',
          'type': 'float',
        }),
        dict({
          'choices': None,
          'default': 0,
          'help': 'Seed for reproducibility.',
          'name': 'random_state',
          'type': 'int',
        }),
      ]),
      'task': None,
    }),
    dict({
      'archetype': 'fit',
      'category': 'Ensemble',
      'description': 'An ensemble of extremely randomized trees for classification, trading some bias for reduced variance.',
      'import_path': 'sklearn.ensemble.ExtraTreesClassifier',
      'key': 'ExtraTreesClassifier',
      'label': 'Extra Trees Classifier',
      'node_type': 'ml.fit_estimator',
      'params': list([
        dict({
          'choices': None,
          'default': None,
          'help': 'Maximum tree depth (None = unlimited).',
          'name': 'max_depth',
          'type': 'any',
        }),
        dict({
          'choices': None,
          'default': 100,
          'help': 'Number of trees in the forest.',
          'name': 'n_estimators',
          'type': 'int',
        }),
        dict({
          'choices': None,
          'default': 0,
          'help': 'Seed for reproducibility.',
          'name': 'random_state',
          'type': 'int',
        }),
      ]),
      'task': 'classification',
    }),
    dict({
      'archetype': 'fit',
      'category': 'Ensemble',
      'description': 'An ensemble of extremely randomized trees for regression, trading some bias for reduced variance.',
      'import_path': 'sklearn.ensemble.ExtraTreesRegressor',
      'key': 'ExtraTreesRegressor',
      'label': 'Extra Trees Regressor',
      'node_type': 'ml.fit_estimator',
      'params': list([
        dict({
          'choices': None,
          'default': None,
          'help': 'Maximum tree depth (None = unlimited).',
          'name': 'max_depth',
          'type': 'any',
        }),
        dict({
          'choices': None,
          'default': 100,
          'help': 'Number of trees in the forest.',
          'name': 'n_estimators',
          'type': 'int',
        }),
        dict({
          'choices': None,
          'default': 0,
          'help': 'Seed for reproducibility.',
          'name': 'random_state',
          'type': 'int',
        }),
      ]),
      'task': 'regression',
    }),
    dict({
      'archetype': 'fit_transform',
      'category': 'Decomposition',
      'description': 'Models observed features as linear combinations of a smaller set of latent factors plus noise.',
      'import_path': 'sklearn.decomposition.FactorAnalysis',
      'key': 'FactorAnalysis',
      'label': 'Factor Analysis',
      'node_type': 'ml.fit_transform',
      'params': list([
        dict({
          'choices': None,
          'default': 2,
          'help': 'Number of latent factors (dimensionality of the state space).',
          'name': 'n_components',
          'type': 'int',
        }),
        dict({
          'choices': None,
          'default': 0,
          'help': 'Seed for reproducibility.',
          'name': 'random_state',
          'type': 'int',
        }),
      ]),
      'task': None,
    }),
    dict({
      'archetype': 'fit_transform',
      'category': 'Decomposition',
      'description': 'Separates a multivariate signal into additive, statistically independent components.',
      'import_path': 'sklearn.decomposition.FastICA',
      'key': 'FastICA',
      'label': 'Fast ICA',
      'node_type': 'ml.fit_transform',
      'params': list([
        dict({
          'choices': None,
          'default': 2,
          'help': 'Number of components to use.',
          'name': 'n_components',
          'type': 'int',
        }),
        dict({
          'choices': None,
          'default': 0,
          'help': 'Seed for reproducibility.',
          'name': 'random_state',
          'type': 'int',
        }),
      ]),
      'task': None,
    }),
    dict({
      'archetype': 'cluster_detect',
      'category': 'Mixture',
      'description': 'Fits a mixture of Gaussian distributions to model cluster membership probabilistically.',
      'import_path': 'sklearn.mixture.GaussianMixture',
      'key': 'GaussianMixture',
      'label': 'Gaussian Mixture',
      'node_type': 'ml.cluster_detect',
      'params': list([
        dict({
          'choices': None,
          'default': 1,
          'help': 'Number of mixture components.',
          'name': 'n_components',
          'type': 'int',
        }),
        dict({
          'choices': None,
          'default': 0,
          'help': 'Seed for reproducibility.',
          'name': 'random_state',
          'type': 'int',
        }),
      ]),
      'task': None,
    }),
    dict({
      'archetype': 'fit',
      'category': 'Naive Bayes',
      'description': 'Naive Bayes classifier assuming features are normally distributed within each class.',
      'import_path': 'sklearn.naive_bayes.GaussianNB',
      'key': 'GaussianNB',
      'label': 'Gaussian NB',
      'node_type': 'ml.fit_estimator',
      'params': list([
        dict({
          'choices': None,
          'default': 1e-09,
          'help': 'Portion of the largest variance added for calculation stability.',
          'name': 'var_smoothing',
          'type': 'float',
        }),
      ]),
      'task': 'classification',
    }),
    dict({
      'archetype': 'fit',
      'category': 'Ensemble',
      'description': 'Builds an additive ensemble of trees that sequentially correct prior errors for classification.',
      'import_path': 'sklearn.ensemble.GradientBoostingClassifier',
      'key': 'GradientBoostingClassifier',
      'label': 'Gradient Boosting Classifier',
      'node_type': 'ml.fit_estimator',
      'params': list([
        dict({
          'choices': None,
          'default': 0.1,
          'help': "Shrinks each tree's contribution.",
          'name': 'learning_rate',
          'type': 'float',
        }),
        dict({
          'choices': None,
          'default': 3,
          'help': 'Maximum depth of each tree.',
          'name': 'max_depth',
          'type': 'int',
        }),
        dict({
          'choices': None,
          'default': 100,
          'help': 'Number of boosting stages.',
          'name': 'n_estimators',
          'type': 'int',
        }),
        dict({
          'choices': None,
          'default': 0,
          'help': 'Seed for reproducibility.',
          'name': 'random_state',
          'type': 'int',
        }),
      ]),
      'task': 'classification',
    }),
    dict({
      'archetype': 'fit',
      'category': 'Ensemble',
      'description': 'Builds an additive ensemble of trees that sequentially correct prior errors for regression.',
      'import_path': 'sklearn.ensemble.GradientBoostingRegressor',
      'key': 'GradientBoostingRegressor',
      'label': 'Gradient Boosting Regressor',
      'node_type': 'ml.fit_estimator',
      'params': list([
        dict({
          'choices': None,
          'default': 0.1,
          'help': "Shrinks each tree's contribution.",
          'name': 'learning_rate',
          'type': 'float',
        }),
        dict({
          'choices': None,
          'default': 3,
          'help': 'Maximum depth of each tree.',
          'name': 'max_depth',
          'type': 'int',
        }),
        dict({
          'choices': None,
          'default': 100,
          'help': 'Number of boosting stages.',
          'name': 'n_estimators',
          'type': 'int',
        }),
        dict({
          'choices': None,
          'default': 0,
          'help': 'Seed for reproducibility.',
          'name': 'random_state',
          'type': 'int',
        }),
      ]),
      'task': 'regression',
    }),
    dict({
      'archetype': 'fit',
      'category': 'Ensemble',
      'description': 'A histogram-based gradient boosting classifier, fast on large datasets.',
      'import_path': 'sklearn.ensemble.HistGradientBoostingClassifier',
      'key': 'HistGradientBoostingClassifier',
      'label': 'Hist Gradient Boosting Classifier',
      'node_type': 'ml.fit_estimator',
      'params': list([
        dict({
          'choices': None,
          'default': 0.1,
          'help': "Shrinks each tree's contribution.",
          'name': 'learning_rate',
          'type': 'float',
        }),
        dict({
          'choices': None,
          'default': 100,
          'help': 'Maximum number of boosting iterations.',
          'name': 'max_iter',
          'type': 'int',
        }),
        dict({
          'choices': None,
          'default': 0,
          'help': 'Seed for reproducibility.',
          'name': 'random_state',
          'type': 'int',
        }),
      ]),
      'task': 'classification',
    }),
    dict({
      'archetype': 'fit',
      'category': 'Ensemble',
      'description': 'A histogram-based gradient boosting regressor, fast on large datasets.',
      'import_path': 'sklearn.ensemble.HistGradientBoostingRegressor',
      'key': 'HistGradientBoostingRegressor',
      'label': 'Hist Gradient Boosting Regressor',
      'node_type': 'ml.fit_estimator',
      'params': list([
        dict({
          'choices': None,
          'default': 0.1,
          'help': "Shrinks each tree's contribution.",
          'name': 'learning_rate',
          'type': 'float',
        }),
        dict({
          'choices': None,
          'default': 100,
          'help': 'Maximum number of boosting iterations.',
          'name': 'max_iter',
          'type': 'int',
        }),
        dict({
          'choices': None,
          'default': 0,
          'help': 'Seed for reproducibility.',
          'name': 'random_state',
          'type': 'int',
        }),
      ]),
      'task': 'regression',
    }),
    dict({
      'archetype': 'cluster_detect',
      'category': 'Ensemble',
      'description': 'Detects anomalies by isolating observations via random recursive partitioning.',
      'import_path': 'sklearn.ensemble.IsolationForest',
      'key': 'IsolationForest',
      'label': 'Isolation Forest',
      'node_type': 'ml.cluster_detect',
      'params': list([
        dict({
          'choices': None,
          'default': 'auto',
          'help': 'Expected proportion of outliers in the data.',
          'name': 'contamination',
          'type': 'str',
        }),
        dict({
          'choices': None,
          'default': 100,
          'help': 'Number of base estimators.',
          'name': 'n_estimators',
          'type': 'int',
        }),
        dict({
          'choices': None,
          'default': 0,
          'help': 'Seed for reproducibility.',
          'name': 'random_state',
          'type': 'int',
        }),
      ]),
      'task': None,
    }),
    dict({
      'archetype': 'fit_transform',
      'category': 'Manifold',
      'description': 'Non-linear dimensionality reduction that preserves geodesic distances along a manifold.',
      'import_path': 'sklearn.manifold.Isomap',
      'key': 'Isomap',
      'label': 'Isomap',
      'node_type': 'ml.fit_transform',
      'params': list([
        dict({
          'choices': None,
          'default': 2,
          'help': 'Number of coordinates for the manifold.',
          'name': 'n_components',
          'type': 'int',
        }),
        dict({
          'choices': None,
          'default': 5,
          'help': 'Number of neighbors to consider for each point.',
          'name': 'n_neighbors',
          'type': 'int',
        }),
      ]),
      'task': None,
    }),
    dict({
      'archetype': 'fit_transform',
      'category': 'Preprocessing',
      'description': 'Bins continuous features into discrete intervals (uniform, quantile, or k-means).',
      'import_path': 'sklearn.preprocessing.KBinsDiscretizer',
      'key': 'KBinsDiscretizer',
      'label': 'K Bins Discretizer',
      'node_type': 'ml.fit_transform',
      'params': list([
        dict({
          'choices': None,
          'default': 'ordinal',
          'help': "Encoding method ('onehot'/'onehot-dense'/'ordinal').",
          'name': 'encode',
          'type': 'str',
        }),
        dict({
          'choices': None,
          'default': 5,
          'help': 'Number of bins to produce.',
          'name': 'n_bins',
          'type': 'int',
        }),
        dict({
          'choices': None,
          'default': 'quantile',
          'help': "Binning strategy ('uniform'/'quantile'/'kmeans').",
          'name': 'strategy',
          'type': 'str',
        }),
      ]),
      'task': None,
    }),
    dict({
      'archetype': 'cluster_detect',
      'category': 'Cluster',
      'description': 'Partitions data into k clusters by minimizing within-cluster variance.',
      'import_path': 'sklearn.cluster.KMeans',
      'key': 'KMeans',
      'label': 'K Means',
      'node_type': 'ml.cluster_detect',
      'params': list([
        dict({
          'choices': None,
          'default': 8,
          'help': 'Number of clusters to form.',
          'name': 'n_clusters',
          'type': 'int',
        }),
        dict({
          'choices': None,
          'default': 10,
          'help': 'Number of centroid-seed runs.',
          'name': 'n_init',
          'type': 'int',
        }),
        dict({
          'choices': None,
          'default': 0,
          'help': 'Seed for reproducibility.',
          'name': 'random_state',
          'type': 'int',
        }),
      ]),
      'task': None,
    }),
    dict({
      'archetype': 'fit',
      'category': 'Neighbors',
      'description': 'Classifies a sample by majority vote among its nearest neighbors.',
      'import_path': 'sklearn.neighbors.KNeighborsClassifier',
      'key': 'KNeighborsClassifier',
      'label': 'K Neighbors Classifier',
      'node_type': 'ml.fit_estimator',
      'params': list([
        dict({
          'choices': None,
          'default': 5,
          'help': 'Number of neighbors to use.',
          'name': 'n_neighbors',
          'type': 'int',
        }),
        dict({
          'choices': None,
          'default': 'uniform',
          'help': "Weight function ('uniform'/'distance').",
          'name': 'weights',
          'type': 'str',
        }),
      ]),
      'task': 'classification',
    }),
    dict({
      'archetype': 'fit',
      'category': 'Neighbors',
      'description': "Predicts a value by averaging its nearest neighbors' targets.",
      'import_path': 'sklearn.neighbors.KNeighborsRegressor',
      'key': 'KNeighborsRegressor',
      'label': 'K Neighbors Regressor',
      'node_type': 'ml.fit_estimator',
      'params': list([
        dict({
          'choices': None,
          'default': 5,
          'help': 'Number of neighbors to use.',
          'name': 'n_neighbors',
          'type': 'int',
        }),
        dict({
          'choices': None,
          'default': 'uniform',
          'help': "Weight function ('uniform'/'distance').",
          'name': 'weights',
          'type': 'str',
        }),
      ]),
      'task': 'regression',
    }),
    dict({
      'archetype': 'fit',
      'category': 'Linear Model',
      'description': 'Linear regression with L1 regularization that can shrink some coefficients to zero.',
      'import_path': 'sklearn.linear_model.Lasso',
      'key': 'Lasso',
      'label': 'Lasso',
      'node_type': 'ml.fit_estimator',
      'params': list([
        dict({
          'choices': None,
          'default': 1.0,
          'help': 'Regularization strength.',
          'name': 'alpha',
          'type': 'float',
        }),
        dict({
          'choices': None,
          'default': 1000,
          'help': 'Maximum solver iterations.',
          'name': 'max_iter',
          'type': 'int',
        }),
        dict({
          'choices': None,
          'default': 0,
          'help': 'Seed for reproducibility.',
          'name': 'random_state',
          'type': 'int',
        }),
      ]),
      'task': 'regression',
    }),
    dict({
      'archetype': 'fit',
      'category': 'Discriminant Analysis',
      'description': 'Classifies by finding a linear combination of features that best separates classes.',
      'import_path': 'sklearn.discriminant_analysis.LinearDiscriminantAnalysis',
      'key': 'LinearDiscriminantAnalysis',
      'label': 'Linear Discriminant Analysis',
      'node_type': 'ml.fit_estimator',
      'params': list([
        dict({
          'choices': None,
          'default': 'svd',
          'help': "Solver ('svd'/'lsqr'/'eigen').",
          'name': 'solver',
          'type': 'str',
        }),
      ]),
      'task': 'classification',
    }),
    dict({
      'archetype': 'fit',
      'category': 'SVM',
      'description': 'Linear support vector classifier that finds a maximum-margin separating hyperplane.',
      'import_path': 'sklearn.svm.LinearSVC',
      'key': 'LinearSVC',
      'label': 'Linear SVC',
      'node_type': 'ml.fit_estimator',
      'params': list([
        dict({
          'choices': None,
          'default': 1.0,
          'help': 'Regularization strength (inverse).',
          'name': 'C',
          'type': 'float',
        }),
        dict({
          'choices': None,
          'default': 1000,
          'help': 'Maximum solver iterations.',
          'name': 'max_iter',
          'type': 'int',
        }),
        dict({
          'choices': None,
          'default': 0,
          'help': 'Seed for reproducibility.',
          'name': 'random_state',
          'type': 'int',
        }),
      ]),
      'task': 'classification',
    }),
    dict({
      'archetype': 'cluster_detect',
      'category': 'Neighbors',
      'description': "Detects anomalies by comparing a sample's local density to that of its neighbors.",
      'import_path': 'sklearn.neighbors.LocalOutlierFactor',
      'key': 'LocalOutlierFactor',
      'label': 'Local Outlier Factor',
      'node_type': 'ml.cluster_detect',
      'params': list([
        dict({
          'choices': None,
          'default': 'auto',
          'help': 'Expected proportion of outliers in the data.',
          'name': 'contamination',
          'type': 'str',
        }),
        dict({
          'choices': None,
          'default': 20,
          'help': 'Number of neighbors to use.',
          'name': 'n_neighbors',
          'type': 'int',
        }),
        dict({
          'choices': None,
          'default': True,
          'help': 'Must be True to support predicting on data after a separate fit().',
          'name': 'novelty',
          'type': 'bool',
        }),
      ]),
      'task': None,
    }),
    dict({
      'archetype': 'fit',
      'category': 'Linear Model',
      'description': 'Linear classifier that models class probabilities via the logistic function.',
      'import_path': 'sklearn.linear_model.LogisticRegression',
      'key': 'LogisticRegression',
      'label': 'Logistic Regression',
      'node_type': 'ml.fit_estimator',
      'params': list([
        dict({
          'choices': None,
          'default': 1.0,
          'help': 'Inverse of regularization strength.',
          'name': 'C',
          'type': 'float',
        }),
        dict({
          'choices': None,
          'default': 1000,
          'help': 'Maximum solver iterations.',
          'name': 'max_iter',
          'type': 'int',
        }),
        dict({
          'choices': None,
          'default': 0,
          'help': 'Seed for reproducibility.',
          'name': 'random_state',
          'type': 'int',
        }),
      ]),
      'task': 'classification',
    }),
    dict({
      'archetype': 'fit_transform',
      'category': 'Preprocessing',
      'description': 'Scales each feature by its maximum absolute value, preserving sparsity.',
      'import_path': 'sklearn.preprocessing.MaxAbsScaler',
      'key': 'MaxAbsScaler',
      'label': 'Max Abs Scaler',
      'node_type': 'ml.fit_transform',
      'params': list([
      ]),
      'task': None,
    }),
    dict({
      'archetype': 'cluster_detect',
      'category': 'Cluster',
      'description': 'Clustering by iteratively shifting points toward the mode of their neighborhood density.',
      'import_path': 'sklearn.cluster.MeanShift',
      'key': 'MeanShift',
      'label': 'Mean Shift',
      'node_type': 'ml.cluster_detect',
      'params': list([
        dict({
          'choices': None,
          'default': None,
          'help': 'Kernel bandwidth (None = auto-estimated).',
          'name': 'bandwidth',
          'type': 'any',
        }),
      ]),
      'task': None,
    }),
    dict({
      'archetype': 'fit_transform',
      'category': 'Preprocessing',
      'description': 'Scales features to a given range, typically [0, 1].',
      'import_path': 'sklearn.preprocessing.MinMaxScaler',
      'key': 'MinMaxScaler',
      'label': 'Min Max Scaler',
      'node_type': 'ml.fit_transform',
      'params': list([
        dict({
          'choices': None,
          'default': False,
          'help': 'Clip transformed values to feature_range.',
          'name': 'clip',
          'type': 'bool',
        }),
        dict({
          'choices': None,
          'default': list([
            0,
            1,
          ]),
          'help': 'Desired range of transformed data (min, max).',
          'name': 'feature_range',
          'type': 'any',
        }),
      ]),
      'task': None,
    }),
    dict({
      'archetype': 'cluster_detect',
      'category': 'Cluster',
      'description': 'A faster, mini-batch variant of KMeans clustering for large datasets.',
      'import_path': 'sklearn.cluster.MiniBatchKMeans',
      'key': 'MiniBatchKMeans',
      'label': 'Mini Batch K Means',
      'node_type': 'ml.cluster_detect',
      'params': list([
        dict({
          'choices': None,
          'default': 1024,
          'help': 'Size of the mini batches.',
          'name': 'batch_size',
          'type': 'int',
        }),
        dict({
          'choices': None,
          'default': 8,
          'help': 'Number of clusters to form.',
          'name': 'n_clusters',
          'type': 'int',
        }),
        dict({
          'choices': None,
          'default': 0,
          'help': 'Seed for reproducibility.',
          'name': 'random_state',
          'type': 'int',
        }),
      ]),
      'task': None,
    }),
    dict({
      'archetype': 'fit',
      'category': 'Naive Bayes',
      'description': 'Naive Bayes classifier suited to discrete count data such as word frequencies.',
      'import_path': 'sklearn.naive_bayes.MultinomialNB',
      'key': 'MultinomialNB',
      'label': 'Multinomial NB',
      'node_type': 'ml.fit_estimator',
      'params': list([
        dict({
          'choices': None,
          'default': 1.0,
          'help': 'Additive (Laplace/Lidstone) smoothing parameter.',
          'name': 'alpha',
          'type': 'float',
        }),
      ]),
      'task': 'classification',
    }),
    dict({
      'archetype': 'fit_transform',
      'category': 'Decomposition',
      'description': 'Factorizes data into non-negative components, useful for parts-based representations.',
      'import_path': 'sklearn.decomposition.NMF',
      'key': 'NMF',
      'label': 'NMF',
      'node_type': 'ml.fit_transform',
      'params': list([
        dict({
          'choices': None,
          'default': 200,
          'help': 'Maximum number of iterations.',
          'name': 'max_iter',
          'type': 'int',
        }),
        dict({
          'choices': None,
          'default': 2,
          'help': 'Number of components.',
          'name': 'n_components',
          'type': 'int',
        }),
        dict({
          'choices': None,
          'default': 0,
          'help': 'Seed for reproducibility.',
          'name': 'random_state',
          'type': 'int',
        }),
      ]),
      'task': None,
    }),
    dict({
      'archetype': 'fit_transform',
      'category': 'Preprocessing',
      'description': 'Scales each sample (row) to unit norm.',
      'import_path': 'sklearn.preprocessing.Normalizer',
      'key': 'Normalizer',
      'label': 'Normalizer',
      'node_type': 'ml.fit_transform',
      'params': list([
        dict({
          'choices': None,
          'default': 'l2',
          'help': "Norm to use ('l1'/'l2'/'max').",
          'name': 'norm',
          'type': 'str',
        }),
      ]),
      'task': None,
    }),
    dict({
      'archetype': 'cluster_detect',
      'category': 'SVM',
      'description': 'Detects anomalies by learning a boundary that encloses the bulk of normal data.',
      'import_path': 'sklearn.svm.OneClassSVM',
      'key': 'OneClassSVM',
      'label': 'One Class SVM',
      'node_type': 'ml.cluster_detect',
      'params': list([
        dict({
          'choices': None,
          'default': 'rbf',
          'help': "Kernel type ('linear'/'poly'/'rbf'/'sigmoid').",
          'name': 'kernel',
          'type': 'str',
        }),
        dict({
          'choices': None,
          'default': 0.5,
          'help': 'Upper bound on the fraction of training errors.',
          'name': 'nu',
          'type': 'float',
        }),
      ]),
      'task': None,
    }),
    dict({
      'archetype': 'fit_transform',
      'category': 'Preprocessing',
      'description': 'Encodes categorical features as one-hot binary columns.',
      'import_path': 'sklearn.preprocessing.OneHotEncoder',
      'key': 'OneHotEncoder',
      'label': 'One Hot Encoder',
      'node_type': 'ml.fit_transform',
      'params': list([
        dict({
          'choices': None,
          'default': 'error',
          'help': 'How to handle unknown categories at transform time.',
          'name': 'handle_unknown',
          'type': 'str',
        }),
        dict({
          'choices': None,
          'default': False,
          'help': 'Return a dense array instead of a sparse matrix.',
          'name': 'sparse_output',
          'type': 'bool',
        }),
      ]),
      'task': None,
    }),
    dict({
      'archetype': 'fit_transform',
      'category': 'Preprocessing',
      'description': 'Encodes categorical features as ordinal integer codes.',
      'import_path': 'sklearn.preprocessing.OrdinalEncoder',
      'key': 'OrdinalEncoder',
      'label': 'Ordinal Encoder',
      'node_type': 'ml.fit_transform',
      'params': list([
        dict({
          'choices': None,
          'default': 'error',
          'help': 'How to handle unknown categories at transform time.',
          'name': 'handle_unknown',
          'type': 'str',
        }),
      ]),
      'task': None,
    }),
    dict({
      'archetype': 'fit_transform',
      'category': 'Decomposition',
      'description': 'Reduces dimensionality by projecting data onto directions of maximum variance.',
      'import_path': 'sklearn.decomposition.PCA',
      'key': 'PCA',
      'label': 'PCA',
      'node_type': 'ml.fit_transform',
      'params': list([
        dict({
          'choices': None,
          'default': 2,
          'help': 'Number of components to keep.',
          'name': 'n_components',
          'type': 'int',
        }),
        dict({
          'choices': None,
          'default': 0,
          'help': 'Seed for reproducibility.',
          'name': 'random_state',
          'type': 'int',
        }),
      ]),
      'task': None,
    }),
    dict({
      'archetype': 'fit_transform',
      'category': 'Preprocessing',
      'description': 'Generates polynomial and interaction features from existing features.',
      'import_path': 'sklearn.preprocessing.PolynomialFeatures',
      'key': 'PolynomialFeatures',
      'label': 'Polynomial Features',
      'node_type': 'ml.fit_transform',
      'params': list([
        dict({
          'choices': None,
          'default': 2,
          'help': 'The degree of the polynomial features.',
          'name': 'degree',
          'type': 'int',
        }),
        dict({
          'choices': None,
          'default': True,
          'help': 'Include a bias (intercept) column of all ones.',
          'name': 'include_bias',
          'type': 'bool',
        }),
      ]),
      'task': None,
    }),
    dict({
      'archetype': 'fit_transform',
      'category': 'Preprocessing',
      'description': 'Applies a power transform (Yeo-Johnson or Box-Cox) to make data more Gaussian-like.',
      'import_path': 'sklearn.preprocessing.PowerTransformer',
      'key': 'PowerTransformer',
      'label': 'Power Transformer',
      'node_type': 'ml.fit_transform',
      'params': list([
        dict({
          'choices': None,
          'default': 'yeo-johnson',
          'help': "Power transform method ('yeo-johnson'/'box-cox').",
          'name': 'method',
          'type': 'str',
        }),
        dict({
          'choices': None,
          'default': True,
          'help': 'Apply zero-mean, unit-variance normalization after transform.',
          'name': 'standardize',
          'type': 'bool',
        }),
      ]),
      'task': None,
    }),
    dict({
      'archetype': 'fit',
      'category': 'Discriminant Analysis',
      'description': 'Classifies using a quadratic decision boundary fit per class, assuming Gaussian class-conditional densities.',
      'import_path': 'sklearn.discriminant_analysis.QuadraticDiscriminantAnalysis',
      'key': 'QuadraticDiscriminantAnalysis',
      'label': 'Quadratic Discriminant Analysis',
      'node_type': 'ml.fit_estimator',
      'params': list([
        dict({
          'choices': None,
          'default': 0.0,
          'help': 'Regularization of the covariance estimate.',
          'name': 'reg_param',
          'type': 'float',
        }),
      ]),
      'task': 'classification',
    }),
    dict({
      'archetype': 'fit',
      'category': 'Ensemble',
      'description': 'An ensemble of randomized decision trees combined by majority vote for classification.',
      'import_path': 'sklearn.ensemble.RandomForestClassifier',
      'key': 'RandomForestClassifier',
      'label': 'Random Forest Classifier',
      'node_type': 'ml.fit_estimator',
      'params': list([
        dict({
          'choices': None,
          'default': None,
          'help': 'Maximum tree depth (None = unlimited).',
          'name': 'max_depth',
          'type': 'any',
        }),
        dict({
          'choices': None,
          'default': 100,
          'help': 'Number of trees in the forest.',
          'name': 'n_estimators',
          'type': 'int',
        }),
        dict({
          'choices': None,
          'default': 0,
          'help': 'Seed for reproducibility.',
          'name': 'random_state',
          'type': 'int',
        }),
      ]),
      'task': 'classification',
    }),
    dict({
      'archetype': 'fit',
      'category': 'Ensemble',
      'description': 'An ensemble of randomized decision trees combined by averaging for regression.',
      'import_path': 'sklearn.ensemble.RandomForestRegressor',
      'key': 'RandomForestRegressor',
      'label': 'Random Forest Regressor',
      'node_type': 'ml.fit_estimator',
      'params': list([
        dict({
          'choices': None,
          'default': None,
          'help': 'Maximum tree depth (None = unlimited).',
          'name': 'max_depth',
          'type': 'any',
        }),
        dict({
          'choices': None,
          'default': 100,
          'help': 'Number of trees in the forest.',
          'name': 'n_estimators',
          'type': 'int',
        }),
        dict({
          'choices': None,
          'default': 0,
          'help': 'Seed for reproducibility.',
          'name': 'random_state',
          'type': 'int',
        }),
      ]),
      'task': 'regression',
    }),
    dict({
      'archetype': 'fit',
      'category': 'Linear Model',
      'description': 'Linear regression with L2 regularization to shrink coefficients and reduce overfitting.',
      'import_path': 'sklearn.linear_model.Ridge',
      'key': 'Ridge',
      'label': 'Ridge',
      'node_type': 'ml.fit_estimator',
      'params': list([
        dict({
          'choices': None,
          'default': 1.0,
          'help': 'Regularization strength.',
          'name': 'alpha',
          'type': 'float',
        }),
        dict({
          'choices': None,
          'default': 0,
          'help': 'Seed for reproducibility.',
          'name': 'random_state',
          'type': 'int',
        }),
      ]),
      'task': 'regression',
    }),
    dict({
      'archetype': 'fit_transform',
      'category': 'Preprocessing',
      'description': 'Scales features using statistics robust to outliers (median and IQR).',
      'import_path': 'sklearn.preprocessing.RobustScaler',
      'key': 'RobustScaler',
      'label': 'Robust Scaler',
      'node_type': 'ml.fit_transform',
      'params': list([
        dict({
          'choices': None,
          'default': True,
          'help': 'Center the data before scaling.',
          'name': 'with_centering',
          'type': 'bool',
        }),
        dict({
          'choices': None,
          'default': True,
          'help': 'Scale the data to the IQR.',
          'name': 'with_scaling',
          'type': 'bool',
        }),
      ]),
      'task': None,
    }),
    dict({
      'archetype': 'fit',
      'category': 'Linear Model',
      'description': 'Linear classifier fit via stochastic gradient descent, supporting multiple loss functions.',
      'import_path': 'sklearn.linear_model.SGDClassifier',
      'key': 'SGDClassifier',
      'label': 'SGD Classifier',
      'node_type': 'ml.fit_estimator',
      'params': list([
        dict({
          'choices': None,
          'default': 0.0001,
          'help': 'Regularization strength.',
          'name': 'alpha',
          'type': 'float',
        }),
        dict({
          'choices': None,
          'default': 'hinge',
          'help': 'Loss function to optimize.',
          'name': 'loss',
          'type': 'str',
        }),
        dict({
          'choices': None,
          'default': 1000,
          'help': 'Maximum passes over the training data.',
          'name': 'max_iter',
          'type': 'int',
        }),
        dict({
          'choices': None,
          'default': 0,
          'help': 'Seed for reproducibility.',
          'name': 'random_state',
          'type': 'int',
        }),
      ]),
      'task': 'classification',
    }),
    dict({
      'archetype': 'fit',
      'category': 'Linear Model',
      'description': 'Linear regressor fit via stochastic gradient descent.',
      'import_path': 'sklearn.linear_model.SGDRegressor',
      'key': 'SGDRegressor',
      'label': 'SGD Regressor',
      'node_type': 'ml.fit_estimator',
      'params': list([
        dict({
          'choices': None,
          'default': 0.0001,
          'help': 'Regularization strength.',
          'name': 'alpha',
          'type': 'float',
        }),
        dict({
          'choices': None,
          'default': 'squared_error',
          'help': 'Loss function to optimize.',
          'name': 'loss',
          'type': 'str',
        }),
        dict({
          'choices': None,
          'default': 1000,
          'help': 'Maximum passes over the training data.',
          'name': 'max_iter',
          'type': 'int',
        }),
        dict({
          'choices': None,
          'default': 0,
          'help': 'Seed for reproducibility.',
          'name': 'random_state',
          'type': 'int',
        }),
      ]),
      'task': 'regression',
    }),
    dict({
      'archetype': 'fit',
      'category': 'SVM',
      'description': 'Support vector classifier that can use kernel functions to separate non-linearly-separable data.',
      'import_path': 'sklearn.svm.SVC',
      'key': 'SVC',
      'label': 'SVC',
      'node_type': 'ml.fit_estimator',
      'params': list([
        dict({
          'choices': None,
          'default': 1.0,
          'help': 'Regularization strength (inverse).',
          'name': 'C',
          'type': 'float',
        }),
        dict({
          'choices': None,
          'default': 'rbf',
          'help': "Kernel type ('linear'/'poly'/'rbf'/'sigmoid').",
          'name': 'kernel',
          'type': 'str',
        }),
        dict({
          'choices': None,
          'default': 0,
          'help': 'Seed for reproducibility.',
          'name': 'random_state',
          'type': 'int',
        }),
      ]),
      'task': 'classification',
    }),
    dict({
      'archetype': 'fit',
      'category': 'SVM',
      'description': 'Support vector regressor that fits within a margin of tolerance using kernel functions.',
      'import_path': 'sklearn.svm.SVR',
      'key': 'SVR',
      'label': 'SVR',
      'node_type': 'ml.fit_estimator',
      'params': list([
        dict({
          'choices': None,
          'default': 1.0,
          'help': 'Regularization strength (inverse).',
          'name': 'C',
          'type': 'float',
        }),
        dict({
          'choices': None,
          'default': 'rbf',
          'help': "Kernel type ('linear'/'poly'/'rbf'/'sigmoid').",
          'name': 'kernel',
          'type': 'str',
        }),
      ]),
      'task': 'regression',
    }),
    dict({
      'archetype': 'fit_transform',
      'category': 'Feature Selection',
      'description': 'Selects the k highest-scoring features according to a statistical scoring function.',
      'import_path': 'sklearn.feature_selection.SelectKBest',
      'key': 'SelectKBest',
      'label': 'Select K Best',
      'node_type': 'ml.fit_transform',
      'params': list([
        dict({
          'choices': None,
          'default': 10,
          'help': 'Number of top features to select.',
          'name': 'k',
          'type': 'int',
        }),
        dict({
          'choices': list([
            'f_classif',
            'f_regression',
            'mutual_info_classif',
            'mutual_info_regression',
          ]),
          'default': 'f_classif',
          'help': "Scoring function: 'f_classif'/'mutual_info_classif' for a categorical target, 'f_regression'/'mutual_info_regression' for a continuous one.",
          'name': 'score_func',
          'type': 'str',
        }),
      ]),
      'task': None,
    }),
    dict({
      'archetype': 'cluster_detect',
      'category': 'Cluster',
      'description': 'Clusters data using the eigenvalues of a similarity matrix for dimensionality reduction before clustering.',
      'import_path': 'sklearn.cluster.SpectralClustering',
      'key': 'SpectralClustering',
      'label': 'Spectral Clustering',
      'node_type': 'ml.cluster_detect',
      'params': list([
        dict({
          'choices': None,
          'default': 8,
          'help': 'Number of clusters to find.',
          'name': 'n_clusters',
          'type': 'int',
        }),
        dict({
          'choices': None,
          'default': 0,
          'help': 'Seed for reproducibility.',
          'name': 'random_state',
          'type': 'int',
        }),
      ]),
      'task': None,
    }),
    dict({
      'archetype': 'fit_transform',
      'category': 'Preprocessing',
      'description': 'Standardizes features by removing the mean and scaling to unit variance.',
      'import_path': 'sklearn.preprocessing.StandardScaler',
      'key': 'StandardScaler',
      'label': 'Standard Scaler',
      'node_type': 'ml.fit_transform',
      'params': list([
        dict({
          'choices': None,
          'default': True,
          'help': 'Center the data before scaling.',
          'name': 'with_mean',
          'type': 'bool',
        }),
        dict({
          'choices': None,
          'default': True,
          'help': 'Scale the data to unit variance.',
          'name': 'with_std',
          'type': 'bool',
        }),
      ]),
      'task': None,
    }),
    dict({
      'archetype': 'fit_transform',
      'category': 'Manifold',
      'description': 'Non-linear dimensionality reduction that embeds high-dimensional data for visualization, preserving local structure.',
      'import_path': 'sklearn.manifold.TSNE',
      'key': 'TSNE',
      'label': 'TSNE',
      'node_type': 'ml.fit_transform',
      'params': list([
        dict({
          'choices': None,
          'default': 2,
          'help': 'Dimension of the embedded space.',
          'name': 'n_components',
          'type': 'int',
        }),
        dict({
          'choices': None,
          'default': 30.0,
          'help': 'Related to the number of nearest neighbors used in other manifold learning algorithms.',
          'name': 'perplexity',
          'type': 'float',
        }),
        dict({
          'choices': None,
          'default': 0,
          'help': 'Seed for reproducibility.',
          'name': 'random_state',
          'type': 'int',
        }),
      ]),
      'task': None,
    }),
    dict({
      'archetype': 'fit_transform',
      'category': 'Preprocessing',
      'description': 'Encodes categorical features using the target mean, with built-in shrinkage to prevent overfitting.',
      'import_path': 'sklearn.preprocessing.TargetEncoder',
      'key': 'TargetEncoder',
      'label': 'Target Encoder',
      'node_type': 'ml.fit_transform',
      'params': list([
        dict({
          'choices': None,
          'default': 0,
          'help': 'Seed for reproducibility.',
          'name': 'random_state',
          'type': 'int',
        }),
        dict({
          'choices': None,
          'default': 'auto',
          'help': "Smoothing factor ('auto' or a positive float).",
          'name': 'smooth',
          'type': 'str',
        }),
      ]),
      'task': None,
    }),
    dict({
      'archetype': 'fit_transform',
      'category': 'Decomposition',
      'description': 'Reduces dimensionality via truncated singular value decomposition, effective on sparse data.',
      'import_path': 'sklearn.decomposition.TruncatedSVD',
      'key': 'TruncatedSVD',
      'label': 'Truncated SVD',
      'node_type': 'ml.fit_transform',
      'params': list([
        dict({
          'choices': None,
          'default': 2,
          'help': 'Desired dimensionality of output data.',
          'name': 'n_components',
          'type': 'int',
        }),
        dict({
          'choices': None,
          'default': 0,
          'help': 'Seed for reproducibility.',
          'name': 'random_state',
          'type': 'int',
        }),
      ]),
      'task': None,
    }),
    dict({
      'archetype': 'fit_transform',
      'category': 'Feature Selection',
      'description': 'Removes features whose variance falls below a given threshold.',
      'import_path': 'sklearn.feature_selection.VarianceThreshold',
      'key': 'VarianceThreshold',
      'label': 'Variance Threshold',
      'node_type': 'ml.fit_transform',
      'params': list([
        dict({
          'choices': None,
          'default': 0.0,
          'help': 'Features with variance below this are removed.',
          'name': 'threshold',
          'type': 'float',
        }),
      ]),
      'task': None,
    }),
  ])
# ---
